src/food/food.service.ts(2020,62): error TS2339: Property 'videoId' does not exist on type '{ link: string; imageUrl: string; }'.
